
> @thesolidchain/protocol-plugins@0.0.1 lint /home/rcano/Development/thesolidchain/reDeFi/packages/sdk/protocol-plugins/service
> eslint .


/home/rcano/Development/thesolidchain/reDeFi/packages/sdk/protocol-plugins/service/src/plugins/aave-v3/builders/AaveV3DepositBorrowActionBuilder.ts
  6:3  warning  'IAddress' is defined but never used. Allowed unused vars must match /^_/u  @typescript-eslint/no-unused-vars

/home/rcano/Development/thesolidchain/reDeFi/packages/sdk/protocol-plugins/service/src/plugins/aave-v3/builders/AaveV3PaybackWithdrawActionBuilder.ts
  7:3  warning  'IAddress' is defined but never used. Allowed unused vars must match /^_/u  @typescript-eslint/no-unused-vars

/home/rcano/Development/thesolidchain/reDeFi/packages/sdk/protocol-plugins/service/src/plugins/aave-v3/implementation/AAVEv3ProtocolPlugin.ts
  8:3  warning  'Maybe' is defined but never used. Allowed unused vars must match /^_/u  @typescript-eslint/no-unused-vars

/home/rcano/Development/thesolidchain/reDeFi/packages/sdk/protocol-plugins/service/src/plugins/compound-v3/CompoundV3ProtocolPlugin.ts
   3:3   warning  'ILendingProtocolFeatures' is defined but never used. Allowed unused vars must match /^_/u  @typescript-eslint/no-unused-vars
   4:3   warning  'IYieldProtocolFeatures' is defined but never used. Allowed unused vars must match /^_/u    @typescript-eslint/no-unused-vars
  32:15  error    Unexpected any. Specify a different type                                                    @typescript-eslint/no-explicit-any
  36:15  error    Unexpected any. Specify a different type                                                    @typescript-eslint/no-explicit-any

/home/rcano/Development/thesolidchain/reDeFi/packages/sdk/protocol-plugins/service/src/plugins/compound-v3/implementation/CompoundV3LendingFeatures.ts
   42:10  warning  'CompoundV3LendingPositionId' is defined but never used. Allowed unused vars must match /^_/u  @typescript-eslint/no-unused-vars
   83:72  error    Unexpected any. Specify a different type                                                       @typescript-eslint/no-explicit-any
   95:93  error    Unexpected any. Specify a different type                                                       @typescript-eslint/no-explicit-any
  190:93  error    Unexpected any. Specify a different type                                                       @typescript-eslint/no-explicit-any
  216:25  error    Unexpected any. Specify a different type                                                       @typescript-eslint/no-explicit-any
  236:93  error    Unexpected any. Specify a different type                                                       @typescript-eslint/no-explicit-any
  263:93  error    Unexpected any. Specify a different type                                                       @typescript-eslint/no-explicit-any
  290:93  error    Unexpected any. Specify a different type                                                       @typescript-eslint/no-explicit-any
  317:93  error    Unexpected any. Specify a different type                                                       @typescript-eslint/no-explicit-any

/home/rcano/Development/thesolidchain/reDeFi/packages/sdk/protocol-plugins/service/src/plugins/compound-v3/implementation/CompoundV3LendingPoolId.ts
  26:26  error  Unexpected any. Specify a different type  @typescript-eslint/no-explicit-any

/home/rcano/Development/thesolidchain/reDeFi/packages/sdk/protocol-plugins/service/src/plugins/compound-v3/implementation/CompoundV3YieldFeatures.ts
    6:3    warning  'IPositionIdData' is defined but never used. Allowed unused vars must match /^_/u  @typescript-eslint/no-unused-vars
   62:93   error    Unexpected any. Specify a different type                                           @typescript-eslint/no-explicit-any
  107:93   error    Unexpected any. Specify a different type                                           @typescript-eslint/no-explicit-any
  153:91   error    Unexpected any. Specify a different type                                           @typescript-eslint/no-explicit-any
  182:102  error    Unexpected any. Specify a different type                                           @typescript-eslint/no-explicit-any

/home/rcano/Development/thesolidchain/reDeFi/packages/sdk/protocol-plugins/service/src/plugins/compound-v3/implementation/CompoundV3YieldPoolId.ts
  28:26  error  Unexpected any. Specify a different type  @typescript-eslint/no-explicit-any

/home/rcano/Development/thesolidchain/reDeFi/packages/sdk/protocol-plugins/service/src/plugins/lido/implementation/LidoProtocolPlugin.ts
   9:3   warning  'PoolType' is defined but never used. Allowed unused vars must match /^_/u             @typescript-eslint/no-unused-vars
  11:3   warning  'PositionType' is defined but never used. Allowed unused vars must match /^_/u         @typescript-eslint/no-unused-vars
  18:3   warning  'SimulationSteps' is defined but never used. Allowed unused vars must match /^_/u      @typescript-eslint/no-unused-vars
  31:10  warning  'LidoYieldPositionId' is defined but never used. Allowed unused vars must match /^_/u  @typescript-eslint/no-unused-vars

/home/rcano/Development/thesolidchain/reDeFi/packages/sdk/protocol-plugins/service/src/plugins/maker/implementation/MakerProtocolPlugin.ts
  28:10  warning  'MakerYieldPositionId' is defined but never used. Allowed unused vars must match /^_/u  @typescript-eslint/no-unused-vars

/home/rcano/Development/thesolidchain/reDeFi/packages/sdk/protocol-plugins/service/src/plugins/maker/implementation/MakerYieldPoolId.ts
  5:3  warning  'ProtocolName' is defined but never used. Allowed unused vars must match /^_/u  @typescript-eslint/no-unused-vars

/home/rcano/Development/thesolidchain/reDeFi/packages/sdk/protocol-plugins/service/src/plugins/maker/implementation/MakerYieldPositionId.ts
  5:3  warning  'ProtocolName' is defined but never used. Allowed unused vars must match /^_/u  @typescript-eslint/no-unused-vars

/home/rcano/Development/thesolidchain/reDeFi/packages/sdk/protocol-plugins/service/src/plugins/uniswap-v3/UniswapV3LiquidityFeatures.ts
  24:30  warning  'id' is defined but never used. Allowed unused args must match /^_/u  @typescript-eslint/no-unused-vars
  28:30  warning  'id' is defined but never used. Allowed unused args must match /^_/u  @typescript-eslint/no-unused-vars

/home/rcano/Development/thesolidchain/reDeFi/packages/sdk/protocol-plugins/service/src/plugins/uniswap-v3/UniswapV3ProtocolPlugin.ts
   8:3  warning  'ILiquidityPoolId' is defined but never used. Allowed unused vars must match /^_/u      @typescript-eslint/no-unused-vars
   9:3  warning  'ILiquidityPoolInfo' is defined but never used. Allowed unused vars must match /^_/u    @typescript-eslint/no-unused-vars
  10:3  warning  'ILiquidityPosition' is defined but never used. Allowed unused vars must match /^_/u    @typescript-eslint/no-unused-vars
  11:3  warning  'ILiquidityPositionId' is defined but never used. Allowed unused vars must match /^_/u  @typescript-eslint/no-unused-vars
  12:3  warning  'ITokenAmount' is defined but never used. Allowed unused vars must match /^_/u          @typescript-eslint/no-unused-vars
  13:3  warning  'IUser' is defined but never used. Allowed unused vars must match /^_/u                 @typescript-eslint/no-unused-vars
  14:3  warning  'TransactionInfo' is defined but never used. Allowed unused vars must match /^_/u       @typescript-eslint/no-unused-vars

/home/rcano/Development/thesolidchain/reDeFi/packages/sdk/protocol-plugins/service/src/plugins/yearn/implementation/YearnProtocolPlugin.ts
   9:3   warning  'PoolType' is defined but never used. Allowed unused vars must match /^_/u              @typescript-eslint/no-unused-vars
  11:3   warning  'PositionType' is defined but never used. Allowed unused vars must match /^_/u          @typescript-eslint/no-unused-vars
  13:3   warning  'ITokenAmount' is defined but never used. Allowed unused vars must match /^_/u          @typescript-eslint/no-unused-vars
  14:3   warning  'IUser' is defined but never used. Allowed unused vars must match /^_/u                 @typescript-eslint/no-unused-vars
  26:10  warning  'YearnYieldPositionId' is defined but never used. Allowed unused vars must match /^_/u  @typescript-eslint/no-unused-vars

✖ 44 problems (16 errors, 28 warnings)

 ELIFECYCLE  Command failed with exit code 1.
