
> sdk-demo@0.1.0 build /home/rcano/Development/thesolidchain/reDeFi/apps/sdk-demo
> dotenv -e ../../.env -e ../../.env.local -- next build

⚠ You are using a non-standard "NODE_ENV" value in your environment. This creates inconsistencies in the project and is strongly advised against. Read more: https://nextjs.org/docs/messages/non-standard-node-env
▲ Next.js 16.2.3 (Turbopack)

  Creating an optimized production build ...

> Build error occurred
Error: Turbopack build failed with 2 errors:
./node_modules/.pnpm/@cowprotocol+contracts@1.8.0_ethers@5.7.2/node_modules/@cowprotocol/contracts/lib/esm/index.js
Code generation for chunk item errored
An error occurred while generating the chunk item [project]/node_modules/.pnpm/@cowprotocol+contracts@1.8.0_ethers@5.7.2/node_modules/@cowprotocol/contracts/lib/esm/index.js [app-client] (ecmascript)

Caused by:
- the chunking context (unknown) does not support external modules (request: node:net)

Debug info:
- An error occurred while generating the chunk item [project]/node_modules/.pnpm/@cowprotocol+contracts@1.8.0_ethers@5.7.2/node_modules/@cowprotocol/contracts/lib/esm/index.js [app-client] (ecmascript)
- Execution of <MergedEcmascriptModule as EcmascriptChunkPlaceable>::chunk_item_content failed
- Execution of *EcmascriptChunkItemContent::new failed
- Execution of EcmascriptModuleContent::new_merged failed
- the chunking context (unknown) does not support external modules (request: node:net)

Import traces:
  Client Component Browser:
    ./node_modules/.pnpm/@cowprotocol+contracts@1.8.0_ethers@5.7.2/node_modules/@cowprotocol/contracts/lib/esm/index.js [Client Component Browser]
    ./node_modules/.pnpm/@cowprotocol+cow-sdk@6.3.2_ethers@5.7.2_ipfs-only-hash@4.0.0_multiformats@9.9.0/node_modules/@cowprotocol/cow-sdk/dist/index.js [Client Component Browser]
    ./sdk/sdk-client/src/implementation/IntentSwapClient.ts [Client Component Browser]
    ./sdk/sdk-client/src/implementation/SDKManagerWithSigner.ts [Client Component Browser]
    ./sdk/sdk-client/src/index.ts [Client Component Browser]
    ./sdk/sdk-client-react/src/hooks/useSDK.ts [Client Component Browser]
    ./apps/sdk-demo/src/features/token-search/TokenSearch.tsx [Client Component Browser]
    ./apps/sdk-demo/src/app/page.tsx [Client Component Browser]
    ./apps/sdk-demo/src/app/page.tsx [Server Component]

  Client Component SSR:
    ./node_modules/.pnpm/@cowprotocol+contracts@1.8.0_ethers@5.7.2/node_modules/@cowprotocol/contracts/lib/esm/index.js [Client Component SSR]
    ./node_modules/.pnpm/@cowprotocol+cow-sdk@6.3.2_ethers@5.7.2_ipfs-only-hash@4.0.0_multiformats@9.9.0/node_modules/@cowprotocol/cow-sdk/dist/index.js [Client Component SSR]
    ./sdk/sdk-client/src/implementation/IntentSwapClient.ts [Client Component SSR]
    ./sdk/sdk-client/src/implementation/SDKManagerWithSigner.ts [Client Component SSR]
    ./sdk/sdk-client/src/index.ts [Client Component SSR]
    ./sdk/sdk-client-react/src/hooks/useSDK.ts [Client Component SSR]
    ./apps/sdk-demo/src/features/token-search/TokenSearch.tsx [Client Component SSR]
    ./apps/sdk-demo/src/app/page.tsx [Client Component SSR]
    ./apps/sdk-demo/src/app/page.tsx [Server Component]


./node_modules/.pnpm/fetch-blob@3.2.0/node_modules/fetch-blob/from.js
Code generation for chunk item errored
An error occurred while generating the chunk item [project]/node_modules/.pnpm/fetch-blob@3.2.0/node_modules/fetch-blob/from.js [app-client] (ecmascript) <locals>

Caused by:
- the chunking context (unknown) does not support external modules (request: node:fs)

Debug info:
- An error occurred while generating the chunk item [project]/node_modules/.pnpm/fetch-blob@3.2.0/node_modules/fetch-blob/from.js [app-client] (ecmascript) <locals>
- Execution of <MergedEcmascriptModule as EcmascriptChunkPlaceable>::chunk_item_content failed
- Execution of *EcmascriptChunkItemContent::new failed
- Execution of EcmascriptModuleContent::new_merged failed
- the chunking context (unknown) does not support external modules (request: node:fs)

Import traces:
  Client Component Browser:
    ./node_modules/.pnpm/fetch-blob@3.2.0/node_modules/fetch-blob/from.js [Client Component Browser]
    ./node_modules/.pnpm/node-fetch@3.3.2/node_modules/node-fetch/src/index.js [Client Component Browser]
    ./node_modules/.pnpm/@cowprotocol+contracts@1.8.0_ethers@5.7.2/node_modules/@cowprotocol/contracts/lib/esm/api.js [Client Component Browser]
    ./node_modules/.pnpm/@cowprotocol+contracts@1.8.0_ethers@5.7.2/node_modules/@cowprotocol/contracts/lib/esm/index.js [Client Component Browser]
    ./node_modules/.pnpm/@cowprotocol+cow-sdk@6.3.2_ethers@5.7.2_ipfs-only-hash@4.0.0_multiformats@9.9.0/node_modules/@cowprotocol/cow-sdk/dist/index.js [Client Component Browser]
    ./sdk/sdk-client/src/implementation/IntentSwapClient.ts [Client Component Browser]
    ./sdk/sdk-client/src/implementation/SDKManagerWithSigner.ts [Client Component Browser]
    ./sdk/sdk-client/src/index.ts [Client Component Browser]
    ./sdk/sdk-client-react/src/hooks/useSDK.ts [Client Component Browser]
    ./apps/sdk-demo/src/features/token-search/TokenSearch.tsx [Client Component Browser]
    ./apps/sdk-demo/src/app/page.tsx [Client Component Browser]
    ./apps/sdk-demo/src/app/page.tsx [Server Component]

  Client Component SSR:
    ./node_modules/.pnpm/fetch-blob@3.2.0/node_modules/fetch-blob/from.js [Client Component SSR]
    ./node_modules/.pnpm/node-fetch@3.3.2/node_modules/node-fetch/src/index.js [Client Component SSR]
    ./node_modules/.pnpm/@cowprotocol+contracts@1.8.0_ethers@5.7.2/node_modules/@cowprotocol/contracts/lib/esm/api.js [Client Component SSR]
    ./node_modules/.pnpm/@cowprotocol+contracts@1.8.0_ethers@5.7.2/node_modules/@cowprotocol/contracts/lib/esm/index.js [Client Component SSR]
    ./node_modules/.pnpm/@cowprotocol+cow-sdk@6.3.2_ethers@5.7.2_ipfs-only-hash@4.0.0_multiformats@9.9.0/node_modules/@cowprotocol/cow-sdk/dist/index.js [Client Component SSR]
    ./sdk/sdk-client/src/implementation/IntentSwapClient.ts [Client Component SSR]
    ./sdk/sdk-client/src/implementation/SDKManagerWithSigner.ts [Client Component SSR]
    ./sdk/sdk-client/src/index.ts [Client Component SSR]
    ./sdk/sdk-client-react/src/hooks/useSDK.ts [Client Component SSR]
    ./apps/sdk-demo/src/features/token-search/TokenSearch.tsx [Client Component SSR]
    ./apps/sdk-demo/src/app/page.tsx [Client Component SSR]
    ./apps/sdk-demo/src/app/page.tsx [Server Component]


    at ignore-listed frames
 ELIFECYCLE  Command failed with exit code 1.
